2026-02-06 05:24:55:    ▲ Next.js 15.3.3
2026-02-06 05:24:55:    - Local:        http://localhost:3000
2026-02-06 05:24:55:    - Network:      http://101.53.150.23:3000
2026-02-06 05:24:55: 
2026-02-06 05:24:55:  ✓ Starting...
2026-02-06 05:24:55: ------------------- INSTRUMENTATION LOADED -------------------
2026-02-06 05:24:55: Polyfilling localStorage for SSR
2026-02-06 05:24:55:  ✓ Ready in 552ms
2026-02-06 05:25:03: ------------------- INSTRUMENTATION LOADED -------------------
2026-02-06 05:27:34:    ▲ Next.js 15.3.3
2026-02-06 05:27:34:    - Local:        http://localhost:3000
2026-02-06 05:27:34:    - Network:      http://101.53.150.23:3000
2026-02-06 05:27:34: 
2026-02-06 05:27:34:  ✓ Starting...
2026-02-06 05:27:34: ------------------- INSTRUMENTATION LOADED -------------------
2026-02-06 05:27:34: Polyfilling localStorage for SSR
2026-02-06 05:27:34:  ✓ Ready in 592ms
2026-02-06 05:27:37: ------------------- INSTRUMENTATION LOADED -------------------
2026-02-06 07:41:12: prisma:error Error in PostgreSQL connection: Error { kind: Io, cause: Some(Os { code: 10054, kind: ConnectionReset, message: "An existing connection was forcibly closed by the remote host." }) }
2026-02-06 07:41:41: prisma:error Error in PostgreSQL connection: Error { kind: Io, cause: Some(Os { code: 10054, kind: ConnectionReset, message: "An existing connection was forcibly closed by the remote host." }) }
2026-02-06 08:51:46: prisma:error Error in PostgreSQL connection: Error { kind: Io, cause: Some(Os { code: 10054, kind: ConnectionReset, message: "An existing connection was forcibly closed by the remote host." }) }
2026-02-06 16:17:28: prisma:error Error in PostgreSQL connection: Error { kind: Io, cause: Some(Os { code: 10054, kind: ConnectionReset, message: "An existing connection was forcibly closed by the remote host." }) }
2026-02-09 04:16:47:    ▲ Next.js 15.3.3
2026-02-09 04:16:47:    - Local:        http://localhost:3000
2026-02-09 04:16:47:    - Network:      http://101.53.150.23:3000
2026-02-09 04:16:47: 
2026-02-09 04:16:47:  ✓ Starting...
2026-02-09 04:16:48: ------------------- INSTRUMENTATION LOADED -------------------
2026-02-09 04:16:48: Polyfilling localStorage for SSR
2026-02-09 04:16:48:  ✓ Ready in 639ms
2026-02-09 04:17:01: ------------------- INSTRUMENTATION LOADED -------------------
2026-02-09 04:19:21:    ▲ Next.js 15.3.3
2026-02-09 04:19:21:    - Local:        http://localhost:3000
2026-02-09 04:19:21:    - Network:      http://101.53.150.23:3000
2026-02-09 04:19:21: 
2026-02-09 04:19:21:  ✓ Starting...
2026-02-09 04:19:21: ------------------- INSTRUMENTATION LOADED -------------------
2026-02-09 04:19:21: Polyfilling localStorage for SSR
2026-02-09 04:19:21:  ✓ Ready in 643ms
2026-02-09 04:19:26: ------------------- INSTRUMENTATION LOADED -------------------
2026-02-09 04:23:19:    ▲ Next.js 15.3.3
2026-02-09 04:23:19:    - Local:        http://localhost:3000
2026-02-09 04:23:19:    - Network:      http://101.53.150.23:3000
2026-02-09 04:23:19: 
2026-02-09 04:23:19:  ✓ Starting...
2026-02-09 04:23:19: ------------------- INSTRUMENTATION LOADED -------------------
2026-02-09 04:23:19: Polyfilling localStorage for SSR
2026-02-09 04:23:19:  ✓ Ready in 599ms
2026-02-09 04:23:26: ------------------- INSTRUMENTATION LOADED -------------------
2026-02-09 04:25:18:    ▲ Next.js 15.3.3
2026-02-09 04:25:18:    - Local:        http://localhost:3000
2026-02-09 04:25:18:    - Network:      http://101.53.150.23:3000
2026-02-09 04:25:18: 
2026-02-09 04:25:18:  ✓ Starting...
2026-02-09 04:25:18: ------------------- INSTRUMENTATION LOADED -------------------
2026-02-09 04:25:18: Polyfilling localStorage for SSR
2026-02-09 04:25:18:  ✓ Ready in 562ms
2026-02-09 04:37:18: ------------------- INSTRUMENTATION LOADED -------------------
